

================================================================
== Vivado HLS Report for 'sampleRNN_GRU'
================================================================
* Date:           Sun Mar 10 19:47:28 2019

* Version:        2018.2 (Build 2258646 on Thu Jun 14 20:25:20 MDT 2018)
* Project:        sampleRNN_GRU
* Solution:       solution1
* Product family: zynq
* Target device:  xc7z020clg400-1


================================================================
== Performance Estimates
================================================================
+ Timing (ns): 
    * Summary: 
    +--------+-------+----------+------------+
    |  Clock | Target| Estimated| Uncertainty|
    +--------+-------+----------+------------+
    |ap_clk  |  10.00|     8.564|        1.25|
    +--------+-------+----------+------------+

+ Latency (clock cycles): 
    * Summary: 
    +-------+-------+-------+-------+---------+
    |    Latency    |    Interval   | Pipeline|
    |  min  |  max  |  min  |  max  |   Type  |
    +-------+-------+-------+-------+---------+
    |  34724|  34724|  34724|  34724|   none  |
    +-------+-------+-------+-------+---------+

    + Detail: 
        * Instance: 
        N/A

        * Loop: 
        +-------------+-------+-------+----------+-----------+-----------+-------+----------+
        |             |    Latency    | Iteration|  Initiation Interval  |  Trip |          |
        |  Loop Name  |  min  |  max  |  Latency |  achieved |   target  | Count | Pipelined|
        +-------------+-------+-------+----------+-----------+-----------+-------+----------+
        |- Loop 1     |     66|     66|         4|          1|          1|     64|    yes   |
        |- Loop 2     |     66|     66|         4|          1|          1|     64|    yes   |
        |- Loop 3     |  12290|  12290|         4|          1|          1|  12288|    yes   |
        |- Loop 4     |  12290|  12290|         4|          1|          1|  12288|    yes   |
        |- Loop 5     |    194|    194|         4|          1|          1|    192|    yes   |
        |- Loop 6     |    194|    194|         4|          1|          1|    192|    yes   |
        |- Loop 7     |   9216|   9216|        48|          -|          -|    192|    no    |
        | + Loop 7.1  |     44|     44|        11|          -|          -|      4|    no    |
        |- Loop 8     |    393|    393|        11|          1|          1|    384|    yes   |
        +-------------+-------+-------+----------+-----------+-----------+-------+----------+



================================================================
== Utilization Estimates
================================================================
* Summary: 
+-----------------+---------+-------+--------+-------+
|       Name      | BRAM_18K| DSP48E|   FF   |  LUT  |
+-----------------+---------+-------+--------+-------+
|DSP              |        -|      -|       -|      -|
|Expression       |        -|     96|      40|   7438|
|FIFO             |        -|      -|       -|      -|
|Instance         |        -|      0|     440|    692|
|Memory           |       72|      -|       1|      6|
|Multiplexer      |        -|      -|       -|   1020|
|Register         |        0|      -|    5052|    544|
+-----------------+---------+-------+--------+-------+
|Total            |       72|     96|    5533|   9700|
+-----------------+---------+-------+--------+-------+
|Available        |      280|    220|  106400|  53200|
+-----------------+---------+-------+--------+-------+
|Utilization (%)  |       25|     43|       5|     18|
+-----------------+---------+-------+--------+-------+

+ Detail: 
    * Instance: 
    +-------------------------+----------------------+---------+-------+-----+-----+
    |         Instance        |        Module        | BRAM_18K| DSP48E|  FF | LUT |
    +-------------------------+----------------------+---------+-------+-----+-----+
    |sampleRNN_GRU_fpehbi_U2  |sampleRNN_GRU_fpehbi  |        0|      0|  100|  138|
    |sampleRNN_GRU_uitg8j_U1  |sampleRNN_GRU_uitg8j  |        0|      0|  340|  554|
    +-------------------------+----------------------+---------+-------+-----+-----+
    |Total                    |                      |        0|      0|  440|  692|
    +-------------------------+----------------------+---------+-------+-----+-----+

    * DSP48: 
    N/A

    * Memory: 
    +----------+----------------------+---------+---+----+-------+-----+------+-------------+
    |  Memory  |        Module        | BRAM_18K| FF| LUT| Words | Bits| Banks| W*Bits*Banks|
    +----------+----------------------+---------+---+----+-------+-----+------+-------------+
    |b_ih_V_U  |sampleRNN_GRU_b_idEe  |        1|  0|   0|    192|   32|     1|         6144|
    |b_hh_V_U  |sampleRNN_GRU_b_idEe  |        1|  0|   0|    192|   32|     1|         6144|
    |last_U    |sampleRNN_GRU_last    |        0|  1|   6|    384|    1|     1|          384|
    |out1_V_U  |sampleRNN_GRU_outbkb  |        2|  0|   0|    384|   32|     1|        12288|
    |w_ih_V_U  |sampleRNN_GRU_w_icud  |       32|  0|   0|  12288|   32|     1|       393216|
    |w_hh_V_U  |sampleRNN_GRU_w_icud  |       32|  0|   0|  12288|   32|     1|       393216|
    |x_V_U     |sampleRNN_GRU_x_V     |        2|  0|   0|     64|   32|     1|         2048|
    |h0_V_U    |sampleRNN_GRU_x_V     |        2|  0|   0|     64|   32|     1|         2048|
    +----------+----------------------+---------+---+----+-------+-----+------+-------------+
    |Total     |                      |       72|  1|   6|  25856|  225|     8|       815488|
    +----------+----------------------+---------+---+----+-------+-----+------+-------------+

    * FIFO: 
    N/A

    * Expression: 
    +-----------------------------------+----------+-------+----+-----+------------+------------+
    |           Variable Name           | Operation| DSP48E| FF | LUT | Bitwidth P0| Bitwidth P1|
    +-----------------------------------+----------+-------+----+-----+------------+------------+
    |p_Val2_12_fu_2896_p2               |     *    |      3|   0|   20|          32|          32|
    |p_Val2_19_10_fu_3872_p2            |     *    |      3|   0|   20|          32|          32|
    |p_Val2_19_11_fu_4022_p2            |     *    |      3|   0|   20|          32|          32|
    |p_Val2_19_12_fu_4070_p2            |     *    |      3|   0|   20|          32|          32|
    |p_Val2_19_13_fu_4168_p2            |     *    |      3|   0|   20|          32|          32|
    |p_Val2_19_14_fu_4216_p2            |     *    |      3|   0|   20|          32|          32|
    |p_Val2_19_1_fu_2910_p2             |     *    |      3|   0|   20|          32|          32|
    |p_Val2_19_2_fu_3056_p2             |     *    |      3|   0|   20|          32|          32|
    |p_Val2_19_3_fu_3104_p2             |     *    |      3|   0|   20|          32|          32|
    |p_Val2_19_4_fu_3248_p2             |     *    |      3|   0|   20|          32|          32|
    |p_Val2_19_5_fu_3296_p2             |     *    |      3|   0|   20|          32|          32|
    |p_Val2_19_6_fu_3440_p2             |     *    |      3|   0|   20|          32|          32|
    |p_Val2_19_7_fu_3488_p2             |     *    |      3|   0|   20|          32|          32|
    |p_Val2_19_8_fu_3632_p2             |     *    |      3|   0|   20|          32|          32|
    |p_Val2_19_9_fu_3680_p2             |     *    |      3|   0|   20|          32|          32|
    |p_Val2_19_s_fu_3824_p2             |     *    |      3|   0|   20|          32|          32|
    |p_Val2_22_10_fu_3886_p2            |     *    |      3|   0|   20|          32|          32|
    |p_Val2_22_11_fu_4046_p2            |     *    |      3|   0|   20|          32|          32|
    |p_Val2_22_12_fu_4084_p2            |     *    |      3|   0|   20|          32|          32|
    |p_Val2_22_13_fu_4192_p2            |     *    |      3|   0|   20|          32|          32|
    |p_Val2_22_14_fu_4230_p2            |     *    |      3|   0|   20|          32|          32|
    |p_Val2_22_1_fu_2924_p2             |     *    |      3|   0|   20|          32|          32|
    |p_Val2_22_2_fu_3080_p2             |     *    |      3|   0|   20|          32|          32|
    |p_Val2_22_3_fu_3118_p2             |     *    |      3|   0|   20|          32|          32|
    |p_Val2_22_4_fu_3272_p2             |     *    |      3|   0|   20|          32|          32|
    |p_Val2_22_5_fu_3310_p2             |     *    |      3|   0|   20|          32|          32|
    |p_Val2_22_6_fu_3464_p2             |     *    |      3|   0|   20|          32|          32|
    |p_Val2_22_7_fu_3502_p2             |     *    |      3|   0|   20|          32|          32|
    |p_Val2_22_8_fu_3656_p2             |     *    |      3|   0|   20|          32|          32|
    |p_Val2_22_9_fu_3694_p2             |     *    |      3|   0|   20|          32|          32|
    |p_Val2_22_s_fu_3848_p2             |     *    |      3|   0|   20|          32|          32|
    |p_Val2_8_fu_2882_p2                |     *    |      3|   0|   20|          32|          32|
    |counter_1_fu_2770_p2               |     +    |      0|   0|   19|          14|           7|
    |i_10_fu_1636_p2                    |     +    |      0|   0|   19|          14|           1|
    |i_11_fu_1916_p2                    |     +    |      0|   0|   19|          14|           1|
    |i_12_fu_2196_p2                    |     +    |      0|   0|   15|           8|           1|
    |i_13_fu_2476_p2                    |     +    |      0|   0|   15|           8|           1|
    |i_14_fu_4354_p2                    |     +    |      0|   0|   15|           9|           1|
    |i_15_fu_2760_p2                    |     +    |      0|   0|   15|           8|           1|
    |i_8_fu_1076_p2                     |     +    |      0|   0|   15|           7|           1|
    |i_9_fu_1356_p2                     |     +    |      0|   0|   15|           7|           1|
    |j_1_15_fu_2822_p2                  |     +    |      0|   0|   15|           5|           7|
    |out1_V_d0                          |     +    |      0|   0|   39|          32|          32|
    |out1_V_d1                          |     +    |      0|   0|   39|          32|          32|
    |p_Repl2_1_trunc_fu_4446_p2         |     +    |      0|   0|    8|           8|           8|
    |p_Val2_11_fu_2984_p2               |     +    |      0|   0|   55|          48|          48|
    |p_Val2_13_fu_2997_p2               |     +    |      0|   0|   55|          48|          48|
    |p_Val2_20_10_fu_3986_p2            |     +    |      0|   0|   55|          48|          48|
    |p_Val2_20_11_fu_4097_p2            |     +    |      0|   0|   55|          48|          48|
    |p_Val2_20_12_fu_4132_p2            |     +    |      0|   0|   55|          48|          48|
    |p_Val2_20_13_fu_4243_p2            |     +    |      0|   0|   55|          48|          48|
    |p_Val2_20_14_fu_4278_p2            |     +    |      0|   0|   55|          48|          48|
    |p_Val2_20_1_fu_3020_p2             |     +    |      0|   0|   55|          48|          48|
    |p_Val2_20_2_fu_3177_p2             |     +    |      0|   0|   55|          48|          48|
    |p_Val2_20_3_fu_3212_p2             |     +    |      0|   0|   55|          48|          48|
    |p_Val2_20_4_fu_3369_p2             |     +    |      0|   0|   55|          48|          48|
    |p_Val2_20_5_fu_3404_p2             |     +    |      0|   0|   55|          48|          48|
    |p_Val2_20_6_fu_3561_p2             |     +    |      0|   0|   55|          48|          48|
    |p_Val2_20_7_fu_3596_p2             |     +    |      0|   0|   55|          48|          48|
    |p_Val2_20_8_fu_3753_p2             |     +    |      0|   0|   55|          48|          48|
    |p_Val2_20_9_fu_3788_p2             |     +    |      0|   0|   55|          48|          48|
    |p_Val2_20_s_fu_3951_p2             |     +    |      0|   0|   55|          48|          48|
    |p_Val2_23_10_fu_4009_p2            |     +    |      0|   0|   55|          48|          48|
    |p_Val2_23_11_fu_4109_p2            |     +    |      0|   0|   55|          48|          48|
    |p_Val2_23_12_fu_4155_p2            |     +    |      0|   0|   55|          48|          48|
    |p_Val2_23_13_fu_4255_p2            |     +    |      0|   0|   55|          48|          48|
    |p_Val2_23_14_fu_4311_p2            |     +    |      0|   0|   55|          48|          48|
    |p_Val2_23_1_fu_3043_p2             |     +    |      0|   0|   55|          48|          48|
    |p_Val2_23_2_fu_3189_p2             |     +    |      0|   0|   55|          48|          48|
    |p_Val2_23_3_fu_3235_p2             |     +    |      0|   0|   55|          48|          48|
    |p_Val2_23_4_fu_3381_p2             |     +    |      0|   0|   55|          48|          48|
    |p_Val2_23_5_fu_3427_p2             |     +    |      0|   0|   55|          48|          48|
    |p_Val2_23_6_fu_3573_p2             |     +    |      0|   0|   55|          48|          48|
    |p_Val2_23_7_fu_3619_p2             |     +    |      0|   0|   55|          48|          48|
    |p_Val2_23_8_fu_3765_p2             |     +    |      0|   0|   55|          48|          48|
    |p_Val2_23_9_fu_3811_p2             |     +    |      0|   0|   55|          48|          48|
    |p_Val2_23_s_fu_3963_p2             |     +    |      0|   0|   55|          48|          48|
    |tmp_102_fu_4332_p2                 |     +    |      0|   0|   15|           9|           8|
    |tmp_136_15_fu_3938_p2              |     +    |      0|   0|   19|           5|          14|
    |tmp_19_fu_1437_p2                  |     +    |      0|   0|   12|           6|          12|
    |tmp_36_fu_1717_p2                  |     +    |      0|   0|   12|           6|          12|
    |tmp_3_fu_1157_p2                   |     +    |      0|   0|   12|           6|          12|
    |tmp_51_fu_1997_p2                  |     +    |      0|   0|   12|           6|          12|
    |tmp_67_fu_2277_p2                  |     +    |      0|   0|   12|           6|          12|
    |tmp_82_fu_2557_p2                  |     +    |      0|   0|   12|           6|          12|
    |F2_1_fu_1425_p2                    |     -    |      0|   0|   12|          11|          12|
    |F2_2_fu_1705_p2                    |     -    |      0|   0|   12|          11|          12|
    |F2_3_fu_1985_p2                    |     -    |      0|   0|   12|          11|          12|
    |F2_4_fu_2265_p2                    |     -    |      0|   0|   12|          11|          12|
    |F2_5_fu_2545_p2                    |     -    |      0|   0|   12|          11|          12|
    |F2_fu_1145_p2                      |     -    |      0|   0|   12|          11|          12|
    |man_V_10_fu_1972_p2                |     -    |      0|   0|   61|           1|          54|
    |man_V_13_fu_2252_p2                |     -    |      0|   0|   61|           1|          54|
    |man_V_16_fu_2532_p2                |     -    |      0|   0|   61|           1|          54|
    |man_V_1_fu_1132_p2                 |     -    |      0|   0|   61|           1|          54|
    |man_V_4_fu_1412_p2                 |     -    |      0|   0|   61|           1|          54|
    |man_V_7_fu_1692_p2                 |     -    |      0|   0|   61|           1|          54|
    |tmp_20_fu_1443_p2                  |     -    |      0|   0|   12|           5|          12|
    |tmp_37_fu_1723_p2                  |     -    |      0|   0|   12|           5|          12|
    |tmp_52_fu_2003_p2                  |     -    |      0|   0|   12|           5|          12|
    |tmp_5_fu_1163_p2                   |     -    |      0|   0|   12|           5|          12|
    |tmp_68_fu_2283_p2                  |     -    |      0|   0|   12|           5|          12|
    |tmp_83_fu_2563_p2                  |     -    |      0|   0|   12|           5|          12|
    |tmp_96_fu_4374_p2                  |     -    |      0|   0|   39|           1|          32|
    |tmp_98_fu_4438_p2                  |     -    |      0|   0|    8|           8|           8|
    |ap_block_pp0_stage0_11001          |    and   |      0|   0|    2|           1|           1|
    |ap_block_pp1_stage0_11001          |    and   |      0|   0|    2|           1|           1|
    |ap_block_pp2_stage0_11001          |    and   |      0|   0|    2|           1|           1|
    |ap_block_pp3_stage0_11001          |    and   |      0|   0|    2|           1|           1|
    |ap_block_pp4_stage0_11001          |    and   |      0|   0|    2|           1|           1|
    |ap_block_pp5_stage0_11001          |    and   |      0|   0|    2|           1|           1|
    |ap_block_state13_pp2_stage0_iter1  |    and   |      0|   0|    2|           1|           1|
    |ap_block_state18_pp3_stage0_iter1  |    and   |      0|   0|    2|           1|           1|
    |ap_block_state23_pp4_stage0_iter1  |    and   |      0|   0|    2|           1|           1|
    |ap_block_state28_pp5_stage0_iter1  |    and   |      0|   0|    2|           1|           1|
    |ap_block_state3_pp0_stage0_iter1   |    and   |      0|   0|    2|           1|           1|
    |ap_block_state55_io                |    and   |      0|   0|    2|           1|           1|
    |ap_block_state56_io                |    and   |      0|   0|    2|           1|           1|
    |ap_block_state8_pp1_stage0_iter1   |    and   |      0|   0|    2|           1|           1|
    |input_data_0_load_A                |    and   |      0|   0|    2|           1|           1|
    |input_data_0_load_B                |    and   |      0|   0|    2|           1|           1|
    |output_data_1_load_A               |    and   |      0|   0|    2|           1|           1|
    |output_data_1_load_B               |    and   |      0|   0|    2|           1|           1|
    |output_last_1_load_A               |    and   |      0|   0|    2|           1|           1|
    |output_last_1_load_B               |    and   |      0|   0|    2|           1|           1|
    |sel_tmp10_fu_1561_p2               |    and   |      0|   0|    2|           1|           1|
    |sel_tmp12_fu_1494_p2               |    and   |      0|   0|    2|           1|           1|
    |sel_tmp14_fu_1572_p2               |    and   |      0|   0|    2|           1|           1|
    |sel_tmp15_fu_1577_p2               |    and   |      0|   0|    2|           1|           1|
    |sel_tmp17_fu_1512_p2               |    and   |      0|   0|    2|           1|           1|
    |sel_tmp19_fu_1841_p2               |    and   |      0|   0|    2|           1|           1|
    |sel_tmp21_fu_1774_p2               |    and   |      0|   0|    2|           1|           1|
    |sel_tmp23_fu_1852_p2               |    and   |      0|   0|    2|           1|           1|
    |sel_tmp24_fu_1857_p2               |    and   |      0|   0|    2|           1|           1|
    |sel_tmp26_fu_1792_p2               |    and   |      0|   0|    2|           1|           1|
    |sel_tmp28_fu_2121_p2               |    and   |      0|   0|    2|           1|           1|
    |sel_tmp2_fu_1281_p2                |    and   |      0|   0|    2|           1|           1|
    |sel_tmp30_fu_2054_p2               |    and   |      0|   0|    2|           1|           1|
    |sel_tmp32_fu_2132_p2               |    and   |      0|   0|    2|           1|           1|
    |sel_tmp33_fu_2137_p2               |    and   |      0|   0|    2|           1|           1|
    |sel_tmp35_fu_2072_p2               |    and   |      0|   0|    2|           1|           1|
    |sel_tmp37_fu_2401_p2               |    and   |      0|   0|    2|           1|           1|
    |sel_tmp39_fu_2334_p2               |    and   |      0|   0|    2|           1|           1|
    |sel_tmp41_fu_2412_p2               |    and   |      0|   0|    2|           1|           1|
    |sel_tmp42_fu_2417_p2               |    and   |      0|   0|    2|           1|           1|
    |sel_tmp44_fu_2352_p2               |    and   |      0|   0|    2|           1|           1|
    |sel_tmp46_fu_2681_p2               |    and   |      0|   0|    2|           1|           1|
    |sel_tmp48_fu_2614_p2               |    and   |      0|   0|    2|           1|           1|
    |sel_tmp4_fu_1232_p2                |    and   |      0|   0|    2|           1|           1|
    |sel_tmp50_fu_2692_p2               |    and   |      0|   0|    2|           1|           1|
    |sel_tmp51_fu_2697_p2               |    and   |      0|   0|    2|           1|           1|
    |sel_tmp53_fu_2632_p2               |    and   |      0|   0|    2|           1|           1|
    |sel_tmp7_fu_1214_p2                |    and   |      0|   0|    2|           1|           1|
    |sel_tmp9_fu_1292_p2                |    and   |      0|   0|    2|           1|           1|
    |sel_tmp_fu_1297_p2                 |    and   |      0|   0|    2|           1|           1|
    |tmp_16_fu_1255_p2                  |   ashr   |      0|   0|  162|          54|          54|
    |tmp_32_fu_1535_p2                  |   ashr   |      0|   0|  162|          54|          54|
    |tmp_42_fu_1815_p2                  |   ashr   |      0|   0|  162|          54|          54|
    |tmp_57_fu_2095_p2                  |   ashr   |      0|   0|  162|          54|          54|
    |tmp_73_fu_2375_p2                  |   ashr   |      0|   0|  162|          54|          54|
    |tmp_87_fu_2655_p2                  |   ashr   |      0|   0|  162|          54|          54|
    |num_zeros_fu_4400_p3               |   cttz   |      0|  40|   36|          32|           0|
    |exitcond1_fu_1070_p2               |   icmp   |      0|   0|   11|           7|           8|
    |exitcond2_fu_1350_p2               |   icmp   |      0|   0|   11|           7|           8|
    |exitcond3_fu_1630_p2               |   icmp   |      0|   0|   13|          14|          14|
    |exitcond4_fu_1910_p2               |   icmp   |      0|   0|   13|          14|          14|
    |exitcond5_fu_2190_p2               |   icmp   |      0|   0|   11|           8|           8|
    |exitcond6_fu_2470_p2               |   icmp   |      0|   0|   11|           8|           8|
    |exitcond7_fu_2754_p2               |   icmp   |      0|   0|   11|           8|           8|
    |exitcond8_fu_2776_p2               |   icmp   |      0|   0|   11|           7|           8|
    |exitcond_fu_4348_p2                |   icmp   |      0|   0|   13|           9|           9|
    |icmp1_fu_1477_p2                   |   icmp   |      0|   0|   11|           7|           1|
    |icmp2_fu_1757_p2                   |   icmp   |      0|   0|   11|           7|           1|
    |icmp3_fu_2037_p2                   |   icmp   |      0|   0|   11|           7|           1|
    |icmp4_fu_2317_p2                   |   icmp   |      0|   0|   11|           7|           1|
    |icmp5_fu_2597_p2                   |   icmp   |      0|   0|   11|           7|           1|
    |icmp_fu_1197_p2                    |   icmp   |      0|   0|   11|           7|           1|
    |input_data_0_state_cmp_full        |   icmp   |      0|   0|    8|           2|           1|
    |output_data_1_state_cmp_full       |   icmp   |      0|   0|    8|           2|           1|
    |output_last_1_state_cmp_full       |   icmp   |      0|   0|    8|           2|           1|
    |tmp_10_fu_1246_p2                  |   icmp   |      0|   0|   13|          12|           6|
    |tmp_15_fu_1392_p2                  |   icmp   |      0|   0|   29|          63|           1|
    |tmp_18_fu_1431_p2                  |   icmp   |      0|   0|   13|          12|           5|
    |tmp_1_fu_1151_p2                   |   icmp   |      0|   0|   13|          12|           5|
    |tmp_21_fu_1457_p2                  |   icmp   |      0|   0|   13|          12|           5|
    |tmp_23_fu_1526_p2                  |   icmp   |      0|   0|   13|          12|           6|
    |tmp_30_fu_1672_p2                  |   icmp   |      0|   0|   29|          63|           1|
    |tmp_35_fu_1711_p2                  |   icmp   |      0|   0|   13|          12|           5|
    |tmp_38_fu_1737_p2                  |   icmp   |      0|   0|   13|          12|           5|
    |tmp_39_fu_1806_p2                  |   icmp   |      0|   0|   13|          12|           6|
    |tmp_48_fu_1952_p2                  |   icmp   |      0|   0|   29|          63|           1|
    |tmp_49_fu_1991_p2                  |   icmp   |      0|   0|   13|          12|           5|
    |tmp_53_fu_2017_p2                  |   icmp   |      0|   0|   13|          12|           5|
    |tmp_54_fu_2086_p2                  |   icmp   |      0|   0|   13|          12|           6|
    |tmp_65_fu_2232_p2                  |   icmp   |      0|   0|   29|          63|           1|
    |tmp_66_fu_2271_p2                  |   icmp   |      0|   0|   13|          12|           5|
    |tmp_69_fu_2297_p2                  |   icmp   |      0|   0|   13|          12|           5|
    |tmp_6_fu_1177_p2                   |   icmp   |      0|   0|   13|          12|           5|
    |tmp_70_fu_2366_p2                  |   icmp   |      0|   0|   13|          12|           6|
    |tmp_80_fu_2512_p2                  |   icmp   |      0|   0|   29|          63|           1|
    |tmp_81_fu_2551_p2                  |   icmp   |      0|   0|   13|          12|           5|
    |tmp_84_fu_2577_p2                  |   icmp   |      0|   0|   13|          12|           5|
    |tmp_85_fu_2646_p2                  |   icmp   |      0|   0|   13|          12|           6|
    |tmp_95_fu_4380_p2                  |   icmp   |      0|   0|   18|          32|           1|
    |tmp_97_fu_4432_p2                  |   icmp   |      0|   0|   11|           8|           8|
    |tmp_9_fu_1112_p2                   |   icmp   |      0|   0|   29|          63|           1|
    |ap_block_pp6_stage0_11001          |    or    |      0|   0|    2|           1|           1|
    |ap_block_state57                   |    or    |      0|   0|    2|           1|           1|
    |j_1_10_fu_3537_p2                  |    or    |      0|   0|    6|           6|           4|
    |j_1_11_fu_3706_p2                  |    or    |      0|   0|    6|           6|           4|
    |j_1_12_fu_3729_p2                  |    or    |      0|   0|    6|           6|           4|
    |j_1_13_fu_3898_p2                  |    or    |      0|   0|    6|           6|           4|
    |j_1_14_fu_3921_p2                  |    or    |      0|   0|    6|           6|           4|
    |j_1_1_fu_2834_p2                   |    or    |      0|   0|    6|           6|           2|
    |j_1_2_fu_2857_p2                   |    or    |      0|   0|    6|           6|           2|
    |j_1_3_fu_2936_p2                   |    or    |      0|   0|    6|           6|           3|
    |j_1_4_fu_2959_p2                   |    or    |      0|   0|    6|           6|           3|
    |j_1_5_fu_3130_p2                   |    or    |      0|   0|    6|           6|           3|
    |j_1_6_fu_3153_p2                   |    or    |      0|   0|    6|           6|           3|
    |j_1_7_fu_3322_p2                   |    or    |      0|   0|    6|           6|           4|
    |j_1_8_fu_3345_p2                   |    or    |      0|   0|    6|           6|           4|
    |j_1_9_fu_3514_p2                   |    or    |      0|   0|    6|           6|           4|
    |j_1_s_fu_2804_p2                   |    or    |      0|   0|    6|           6|           1|
    |or_cond10_fu_2161_p2               |    or    |      0|   0|    2|           1|           1|
    |or_cond11_fu_2175_p2               |    or    |      0|   0|    2|           1|           1|
    |or_cond12_fu_2429_p2               |    or    |      0|   0|    2|           1|           1|
    |or_cond13_fu_2441_p2               |    or    |      0|   0|    2|           1|           1|
    |or_cond14_fu_2455_p2               |    or    |      0|   0|    2|           1|           1|
    |or_cond15_fu_2709_p2               |    or    |      0|   0|    2|           1|           1|
    |or_cond16_fu_2721_p2               |    or    |      0|   0|    2|           1|           1|
    |or_cond17_fu_2735_p2               |    or    |      0|   0|    2|           1|           1|
    |or_cond1_fu_1321_p2                |    or    |      0|   0|    2|           1|           1|
    |or_cond2_fu_1335_p2                |    or    |      0|   0|    2|           1|           1|
    |or_cond3_fu_1589_p2                |    or    |      0|   0|    2|           1|           1|
    |or_cond4_fu_1601_p2                |    or    |      0|   0|    2|           1|           1|
    |or_cond5_fu_1615_p2                |    or    |      0|   0|    2|           1|           1|
    |or_cond6_fu_1869_p2                |    or    |      0|   0|    2|           1|           1|
    |or_cond7_fu_1881_p2                |    or    |      0|   0|    2|           1|           1|
    |or_cond8_fu_1895_p2                |    or    |      0|   0|    2|           1|           1|
    |or_cond9_fu_2149_p2                |    or    |      0|   0|    2|           1|           1|
    |or_cond_fu_1309_p2                 |    or    |      0|   0|    2|           1|           1|
    |sel_tmp106_demorgan_fu_2323_p2     |    or    |      0|   0|    2|           1|           1|
    |sel_tmp121_demorgan_fu_2340_p2     |    or    |      0|   0|    2|           1|           1|
    |sel_tmp131_demorgan_fu_2603_p2     |    or    |      0|   0|    2|           1|           1|
    |sel_tmp146_demorgan_fu_2620_p2     |    or    |      0|   0|    2|           1|           1|
    |sel_tmp21_demorgan_fu_1220_p2      |    or    |      0|   0|    2|           1|           1|
    |sel_tmp31_demorgan_fu_1483_p2      |    or    |      0|   0|    2|           1|           1|
    |sel_tmp46_demorgan_fu_1500_p2      |    or    |      0|   0|    2|           1|           1|
    |sel_tmp56_demorgan_fu_1763_p2      |    or    |      0|   0|    2|           1|           1|
    |sel_tmp6_demorgan_fu_1203_p2       |    or    |      0|   0|    2|           1|           1|
    |sel_tmp71_demorgan_fu_1780_p2      |    or    |      0|   0|    2|           1|           1|
    |sel_tmp81_demorgan_fu_2043_p2      |    or    |      0|   0|    2|           1|           1|
    |sel_tmp96_demorgan_fu_2060_p2      |    or    |      0|   0|    2|           1|           1|
    |tmp_136_10_fu_3531_p2              |    or    |      0|   0|   14|          14|           4|
    |tmp_136_11_fu_3700_p2              |    or    |      0|   0|   14|          14|           4|
    |tmp_136_12_fu_3723_p2              |    or    |      0|   0|   14|          14|           4|
    |tmp_136_13_fu_3892_p2              |    or    |      0|   0|   14|          14|           4|
    |tmp_136_14_fu_3915_p2              |    or    |      0|   0|   14|          14|           4|
    |tmp_136_1_fu_2828_p2               |    or    |      0|   0|   14|          14|           2|
    |tmp_136_2_fu_2851_p2               |    or    |      0|   0|   14|          14|           2|
    |tmp_136_3_fu_2930_p2               |    or    |      0|   0|   14|          14|           3|
    |tmp_136_4_fu_2953_p2               |    or    |      0|   0|   14|          14|           3|
    |tmp_136_5_fu_3124_p2               |    or    |      0|   0|   14|          14|           3|
    |tmp_136_6_fu_3147_p2               |    or    |      0|   0|   14|          14|           3|
    |tmp_136_7_fu_3316_p2               |    or    |      0|   0|   14|          14|           4|
    |tmp_136_8_fu_3339_p2               |    or    |      0|   0|   14|          14|           4|
    |tmp_136_9_fu_3508_p2               |    or    |      0|   0|   14|          14|           4|
    |tmp_136_s_fu_2794_p2               |    or    |      0|   0|   14|          14|           1|
    |b_hh_V_d0                          |  select  |      0|   0|   32|           1|          32|
    |b_ih_V_d0                          |  select  |      0|   0|   32|           1|          32|
    |h0_V_d0                            |  select  |      0|   0|   32|           1|          32|
    |man_V_11_fu_1978_p3                |  select  |      0|   0|   54|           1|          54|
    |man_V_14_fu_2258_p3                |  select  |      0|   0|   54|           1|          54|
    |man_V_17_fu_2538_p3                |  select  |      0|   0|   54|           1|          54|
    |man_V_2_fu_1138_p3                 |  select  |      0|   0|   54|           1|          54|
    |man_V_5_fu_1418_p3                 |  select  |      0|   0|   54|           1|          54|
    |man_V_8_fu_1698_p3                 |  select  |      0|   0|   54|           1|          54|
    |newSel10_fu_1887_p3                |  select  |      0|   0|   32|           1|          32|
    |newSel12_fu_2142_p3                |  select  |      0|   0|   32|           1|          32|
    |newSel13_fu_2154_p3                |  select  |      0|   0|   32|           1|          32|
    |newSel14_fu_2167_p3                |  select  |      0|   0|   32|           1|          32|
    |newSel16_fu_2422_p3                |  select  |      0|   0|   32|           1|          32|
    |newSel17_fu_2434_p3                |  select  |      0|   0|   32|           1|          32|
    |newSel18_fu_2447_p3                |  select  |      0|   0|   32|           1|          32|
    |newSel1_fu_1314_p3                 |  select  |      0|   0|   32|           1|          32|
    |newSel20_fu_2702_p3                |  select  |      0|   0|   32|           1|          32|
    |newSel21_fu_2714_p3                |  select  |      0|   0|   32|           1|          32|
    |newSel22_fu_2727_p3                |  select  |      0|   0|   32|           1|          32|
    |newSel2_fu_1327_p3                 |  select  |      0|   0|   32|           1|          32|
    |newSel4_fu_1582_p3                 |  select  |      0|   0|   32|           1|          32|
    |newSel5_fu_1594_p3                 |  select  |      0|   0|   32|           1|          32|
    |newSel6_fu_1607_p3                 |  select  |      0|   0|   32|           1|          32|
    |newSel8_fu_1862_p3                 |  select  |      0|   0|   32|           1|          32|
    |newSel9_fu_1874_p3                 |  select  |      0|   0|   32|           1|          32|
    |newSel_fu_1302_p3                  |  select  |      0|   0|   32|           1|          32|
    |p_03_i_fu_4474_p3                  |  select  |      0|   0|   32|           1|           1|
    |p_Val2_s_35_fu_4385_p3             |  select  |      0|   0|   32|           1|          32|
    |sh_amt_1_fu_1449_p3                |  select  |      0|   0|   12|           1|          12|
    |sh_amt_2_fu_1729_p3                |  select  |      0|   0|   12|           1|          12|
    |sh_amt_3_fu_2009_p3                |  select  |      0|   0|   12|           1|          12|
    |sh_amt_4_fu_2289_p3                |  select  |      0|   0|   12|           1|          12|
    |sh_amt_5_fu_2569_p3                |  select  |      0|   0|   12|           1|          12|
    |sh_amt_fu_1169_p3                  |  select  |      0|   0|   12|           1|          12|
    |storemerge1_fu_2664_p3             |  select  |      0|   0|    2|           1|           2|
    |storemerge2_fu_1544_p3             |  select  |      0|   0|    2|           1|           2|
    |storemerge4_fu_1824_p3             |  select  |      0|   0|    2|           1|           2|
    |storemerge6_fu_2104_p3             |  select  |      0|   0|    2|           1|           2|
    |storemerge8_fu_2384_p3             |  select  |      0|   0|    2|           1|           2|
    |storemerge_fu_1264_p3              |  select  |      0|   0|    2|           1|           2|
    |w_hh_V_d0                          |  select  |      0|   0|   32|           1|          32|
    |w_ih_V_d0                          |  select  |      0|   0|   32|           1|          32|
    |x_V_d0                             |  select  |      0|   0|   32|           1|          32|
    |tmp32_V_1_fu_4408_p2               |    shl   |      0|   0|  101|          32|          32|
    |tmp_17_fu_1271_p2                  |    shl   |      0|   0|  101|          32|          32|
    |tmp_33_fu_1551_p2                  |    shl   |      0|   0|  101|          32|          32|
    |tmp_43_fu_1831_p2                  |    shl   |      0|   0|  101|          32|          32|
    |tmp_59_fu_2111_p2                  |    shl   |      0|   0|  101|          32|          32|
    |tmp_74_fu_2391_p2                  |    shl   |      0|   0|  101|          32|          32|
    |tmp_89_fu_2671_p2                  |    shl   |      0|   0|  101|          32|          32|
    |ap_enable_pp0                      |    xor   |      0|   0|    2|           1|           2|
    |ap_enable_pp1                      |    xor   |      0|   0|    2|           1|           2|
    |ap_enable_pp2                      |    xor   |      0|   0|    2|           1|           2|
    |ap_enable_pp3                      |    xor   |      0|   0|    2|           1|           2|
    |ap_enable_pp4                      |    xor   |      0|   0|    2|           1|           2|
    |ap_enable_pp5                      |    xor   |      0|   0|    2|           1|           2|
    |ap_enable_pp6                      |    xor   |      0|   0|    2|           1|           2|
    |ap_enable_reg_pp0_iter1            |    xor   |      0|   0|    2|           2|           1|
    |ap_enable_reg_pp1_iter1            |    xor   |      0|   0|    2|           2|           1|
    |ap_enable_reg_pp2_iter1            |    xor   |      0|   0|    2|           2|           1|
    |ap_enable_reg_pp3_iter1            |    xor   |      0|   0|    2|           2|           1|
    |ap_enable_reg_pp4_iter1            |    xor   |      0|   0|    2|           2|           1|
    |ap_enable_reg_pp5_iter1            |    xor   |      0|   0|    2|           2|           1|
    |ap_enable_reg_pp6_iter1            |    xor   |      0|   0|    2|           2|           1|
    |sel_tmp11_fu_1488_p2               |    xor   |      0|   0|    2|           1|           2|
    |sel_tmp13_fu_1566_p2               |    xor   |      0|   0|    2|           1|           2|
    |sel_tmp16_fu_1506_p2               |    xor   |      0|   0|    2|           1|           2|
    |sel_tmp18_fu_1836_p2               |    xor   |      0|   0|    2|           1|           2|
    |sel_tmp1_fu_1276_p2                |    xor   |      0|   0|    2|           1|           2|
    |sel_tmp20_fu_1768_p2               |    xor   |      0|   0|    2|           1|           2|
    |sel_tmp22_fu_1846_p2               |    xor   |      0|   0|    2|           1|           2|
    |sel_tmp25_fu_1786_p2               |    xor   |      0|   0|    2|           1|           2|
    |sel_tmp27_fu_2116_p2               |    xor   |      0|   0|    2|           1|           2|
    |sel_tmp29_fu_2048_p2               |    xor   |      0|   0|    2|           1|           2|
    |sel_tmp31_fu_2126_p2               |    xor   |      0|   0|    2|           1|           2|
    |sel_tmp34_fu_2066_p2               |    xor   |      0|   0|    2|           1|           2|
    |sel_tmp36_fu_2396_p2               |    xor   |      0|   0|    2|           1|           2|
    |sel_tmp38_fu_2328_p2               |    xor   |      0|   0|    2|           1|           2|
    |sel_tmp3_fu_1226_p2                |    xor   |      0|   0|    2|           1|           2|
    |sel_tmp40_fu_2406_p2               |    xor   |      0|   0|    2|           1|           2|
    |sel_tmp43_fu_2346_p2               |    xor   |      0|   0|    2|           1|           2|
    |sel_tmp45_fu_2676_p2               |    xor   |      0|   0|    2|           1|           2|
    |sel_tmp47_fu_2608_p2               |    xor   |      0|   0|    2|           1|           2|
    |sel_tmp49_fu_2686_p2               |    xor   |      0|   0|    2|           1|           2|
    |sel_tmp52_fu_2626_p2               |    xor   |      0|   0|    2|           1|           2|
    |sel_tmp5_fu_1556_p2                |    xor   |      0|   0|    2|           1|           2|
    |sel_tmp6_fu_1208_p2                |    xor   |      0|   0|    2|           1|           2|
    |sel_tmp8_fu_1286_p2                |    xor   |      0|   0|    2|           1|           2|
    +-----------------------------------+----------+-------+----+-----+------------+------------+
    |Total                              |          |     96|  40| 7438|        4702|        5467|
    +-----------------------------------+----------+-------+----+-----+------------+------------+

    * Multiplexer: 
    +------------------------------+-----+-----------+-----+-----------+
    |             Name             | LUT | Input Size| Bits| Total Bits|
    +------------------------------+-----+-----------+-----+-----------+
    |ap_NS_fsm                     |  137|         30|    1|         30|
    |ap_enable_reg_pp0_iter1       |    9|          2|    1|          2|
    |ap_enable_reg_pp0_iter3       |    9|          2|    1|          2|
    |ap_enable_reg_pp1_iter1       |    9|          2|    1|          2|
    |ap_enable_reg_pp1_iter3       |    9|          2|    1|          2|
    |ap_enable_reg_pp2_iter1       |    9|          2|    1|          2|
    |ap_enable_reg_pp2_iter3       |    9|          2|    1|          2|
    |ap_enable_reg_pp3_iter1       |    9|          2|    1|          2|
    |ap_enable_reg_pp3_iter3       |    9|          2|    1|          2|
    |ap_enable_reg_pp4_iter1       |    9|          2|    1|          2|
    |ap_enable_reg_pp4_iter3       |    9|          2|    1|          2|
    |ap_enable_reg_pp5_iter1       |    9|          2|    1|          2|
    |ap_enable_reg_pp5_iter3       |    9|          2|    1|          2|
    |ap_enable_reg_pp6_iter1       |    9|          2|    1|          2|
    |ap_enable_reg_pp6_iter10      |    9|          2|    1|          2|
    |ap_phi_mux_i_1_phi_fu_883_p4  |    9|          2|    7|         14|
    |ap_phi_mux_i_2_phi_fu_895_p4  |    9|          2|   14|         28|
    |ap_phi_mux_i_3_phi_fu_907_p4  |    9|          2|   14|         28|
    |ap_phi_mux_i_4_phi_fu_919_p4  |    9|          2|    8|         16|
    |ap_phi_mux_i_5_phi_fu_931_p4  |    9|          2|    8|         16|
    |ap_phi_mux_i_phi_fu_871_p4    |    9|          2|    7|         14|
    |b_hh_V_address0               |   15|          3|    8|         24|
    |b_ih_V_address0               |   15|          3|    8|         24|
    |counter_reg_950               |    9|          2|   14|         28|
    |counter_s_reg_997             |    9|          2|   14|         28|
    |h0_V_address0                 |   47|         10|    6|         60|
    |h0_V_address1                 |   44|          9|    6|         54|
    |i_1_reg_879                   |    9|          2|    7|         14|
    |i_2_reg_891                   |    9|          2|   14|         28|
    |i_3_reg_903                   |    9|          2|   14|         28|
    |i_4_reg_915                   |    9|          2|    8|         16|
    |i_5_reg_927                   |    9|          2|    8|         16|
    |i_6_reg_939                   |    9|          2|    8|         16|
    |i_7_reg_1008                  |    9|          2|    9|         18|
    |i_reg_867                     |    9|          2|    7|         14|
    |input_data_0_data_out         |    9|          2|   32|         64|
    |input_data_0_state            |   15|          3|    2|          6|
    |input_last_0_state            |   15|          3|    2|          6|
    |input_r_TDATA_blk_n           |    9|          2|    1|          2|
    |j_reg_986                     |    9|          2|    7|         14|
    |out1_V_address0               |   15|          3|    9|         27|
    |output_data_1_data_out        |    9|          2|   32|         64|
    |output_data_1_state           |   15|          3|    2|          6|
    |output_last_1_data_out        |    9|          2|    1|          2|
    |output_last_1_state           |   15|          3|    2|          6|
    |output_r_TDATA_blk_n          |    9|          2|    1|          2|
    |p_Val2_6_reg_974              |    9|          2|   32|         64|
    |p_Val2_9_reg_962              |    9|          2|   32|         64|
    |reg_1030                      |    9|          2|   32|         64|
    |reg_1035                      |    9|          2|   32|         64|
    |reg_1040                      |    9|          2|   32|         64|
    |reg_1045                      |    9|          2|   32|         64|
    |reg_1050                      |    9|          2|   32|         64|
    |reg_1055                      |    9|          2|   32|         64|
    |reg_1060                      |    9|          2|   32|         64|
    |reg_1065                      |    9|          2|   32|         64|
    |w_hh_V_address0               |   47|         10|   14|        140|
    |w_hh_V_address1               |   44|          9|   14|        126|
    |w_ih_V_address0               |   47|         10|   14|        140|
    |w_ih_V_address1               |   44|          9|   14|        126|
    |x_V_address0                  |   47|         10|    6|         60|
    |x_V_address1                  |   44|          9|    6|         54|
    +------------------------------+-----+-----------+-----+-----------+
    |Total                         | 1020|        219|  683|       2027|
    +------------------------------+-----+-----------+-----+-----------+

    * Register: 
    +--------------------------------+----+----+-----+-----------+
    |              Name              | FF | LUT| Bits| Const Bits|
    +--------------------------------+----+----+-----+-----------+
    |ap_CS_fsm                       |  29|   0|   29|          0|
    |ap_enable_reg_pp0_iter0         |   1|   0|    1|          0|
    |ap_enable_reg_pp0_iter1         |   1|   0|    1|          0|
    |ap_enable_reg_pp0_iter2         |   1|   0|    1|          0|
    |ap_enable_reg_pp0_iter3         |   1|   0|    1|          0|
    |ap_enable_reg_pp1_iter0         |   1|   0|    1|          0|
    |ap_enable_reg_pp1_iter1         |   1|   0|    1|          0|
    |ap_enable_reg_pp1_iter2         |   1|   0|    1|          0|
    |ap_enable_reg_pp1_iter3         |   1|   0|    1|          0|
    |ap_enable_reg_pp2_iter0         |   1|   0|    1|          0|
    |ap_enable_reg_pp2_iter1         |   1|   0|    1|          0|
    |ap_enable_reg_pp2_iter2         |   1|   0|    1|          0|
    |ap_enable_reg_pp2_iter3         |   1|   0|    1|          0|
    |ap_enable_reg_pp3_iter0         |   1|   0|    1|          0|
    |ap_enable_reg_pp3_iter1         |   1|   0|    1|          0|
    |ap_enable_reg_pp3_iter2         |   1|   0|    1|          0|
    |ap_enable_reg_pp3_iter3         |   1|   0|    1|          0|
    |ap_enable_reg_pp4_iter0         |   1|   0|    1|          0|
    |ap_enable_reg_pp4_iter1         |   1|   0|    1|          0|
    |ap_enable_reg_pp4_iter2         |   1|   0|    1|          0|
    |ap_enable_reg_pp4_iter3         |   1|   0|    1|          0|
    |ap_enable_reg_pp5_iter0         |   1|   0|    1|          0|
    |ap_enable_reg_pp5_iter1         |   1|   0|    1|          0|
    |ap_enable_reg_pp5_iter2         |   1|   0|    1|          0|
    |ap_enable_reg_pp5_iter3         |   1|   0|    1|          0|
    |ap_enable_reg_pp6_iter0         |   1|   0|    1|          0|
    |ap_enable_reg_pp6_iter1         |   1|   0|    1|          0|
    |ap_enable_reg_pp6_iter10        |   1|   0|    1|          0|
    |ap_enable_reg_pp6_iter2         |   1|   0|    1|          0|
    |ap_enable_reg_pp6_iter3         |   1|   0|    1|          0|
    |ap_enable_reg_pp6_iter4         |   1|   0|    1|          0|
    |ap_enable_reg_pp6_iter5         |   1|   0|    1|          0|
    |ap_enable_reg_pp6_iter6         |   1|   0|    1|          0|
    |ap_enable_reg_pp6_iter7         |   1|   0|    1|          0|
    |ap_enable_reg_pp6_iter8         |   1|   0|    1|          0|
    |ap_enable_reg_pp6_iter9         |   1|   0|    1|          0|
    |counter_1_reg_4893              |  14|   0|   14|          0|
    |counter_reg_950                 |  14|   0|   14|          0|
    |counter_s_reg_997               |  14|   0|   14|          0|
    |exitcond1_reg_4482              |   1|   0|    1|          0|
    |exitcond2_reg_4547              |   1|   0|    1|          0|
    |exitcond3_reg_4612              |   1|   0|    1|          0|
    |exitcond4_reg_4677              |   1|   0|    1|          0|
    |exitcond5_reg_4742              |   1|   0|    1|          0|
    |exitcond6_reg_4807              |   1|   0|    1|          0|
    |exitcond_reg_5509               |   1|   0|    1|          0|
    |exp_tmp_V_1_reg_4562            |  11|   0|   11|          0|
    |exp_tmp_V_2_reg_4627            |  11|   0|   11|          0|
    |exp_tmp_V_3_reg_4692            |  11|   0|   11|          0|
    |exp_tmp_V_4_reg_4757            |  11|   0|   11|          0|
    |exp_tmp_V_5_reg_4822            |  11|   0|   11|          0|
    |exp_tmp_V_reg_4497              |  11|   0|   11|          0|
    |i_10_reg_4616                   |  14|   0|   14|          0|
    |i_11_reg_4681                   |  14|   0|   14|          0|
    |i_12_reg_4746                   |   8|   0|    8|          0|
    |i_13_reg_4811                   |   8|   0|    8|          0|
    |i_15_reg_4881                   |   8|   0|    8|          0|
    |i_1_reg_879                     |   7|   0|    7|          0|
    |i_2_reg_891                     |  14|   0|   14|          0|
    |i_3_reg_903                     |  14|   0|   14|          0|
    |i_4_reg_915                     |   8|   0|    8|          0|
    |i_5_reg_927                     |   8|   0|    8|          0|
    |i_6_cast_reg_4872               |   8|   0|    9|          1|
    |i_6_reg_939                     |   8|   0|    8|          0|
    |i_7_reg_1008                    |   9|   0|    9|          0|
    |i_8_reg_4486                    |   7|   0|    7|          0|
    |i_9_reg_4551                    |   7|   0|    7|          0|
    |i_reg_867                       |   7|   0|    7|          0|
    |input_data_0_payload_A          |  32|   0|   32|          0|
    |input_data_0_payload_B          |  32|   0|   32|          0|
    |input_data_0_sel_rd             |   1|   0|    1|          0|
    |input_data_0_sel_wr             |   1|   0|    1|          0|
    |input_data_0_state              |   2|   0|    2|          0|
    |input_last_0_state              |   2|   0|    2|          0|
    |is_neg_reg_5534                 |   1|   0|    1|          0|
    |isneg_1_reg_4556                |   1|   0|    1|          0|
    |isneg_1_reg_4556_pp1_iter2_reg  |   1|   0|    1|          0|
    |isneg_2_reg_4621                |   1|   0|    1|          0|
    |isneg_2_reg_4621_pp2_iter2_reg  |   1|   0|    1|          0|
    |isneg_3_reg_4686                |   1|   0|    1|          0|
    |isneg_3_reg_4686_pp3_iter2_reg  |   1|   0|    1|          0|
    |isneg_4_reg_4751                |   1|   0|    1|          0|
    |isneg_4_reg_4751_pp4_iter2_reg  |   1|   0|    1|          0|
    |isneg_5_reg_4816                |   1|   0|    1|          0|
    |isneg_5_reg_4816_pp5_iter2_reg  |   1|   0|    1|          0|
    |isneg_reg_4491                  |   1|   0|    1|          0|
    |isneg_reg_4491_pp0_iter2_reg    |   1|   0|    1|          0|
    |j_1_15_reg_4959                 |   7|   0|    7|          0|
    |j_reg_986                       |   7|   0|    7|          0|
    |last_load_reg_5545              |   1|   0|    1|          0|
    |man_V_11_reg_4708               |  54|   0|   54|          0|
    |man_V_14_reg_4773               |  54|   0|   54|          0|
    |man_V_17_reg_4838               |  54|   0|   54|          0|
    |man_V_2_reg_4513                |  54|   0|   54|          0|
    |man_V_5_reg_4578                |  54|   0|   54|          0|
    |man_V_8_reg_4643                |  54|   0|   54|          0|
    |output_data_1_payload_A         |  32|   0|   32|          0|
    |output_data_1_payload_B         |  32|   0|   32|          0|
    |output_data_1_sel_rd            |   1|   0|    1|          0|
    |output_data_1_sel_wr            |   1|   0|    1|          0|
    |output_data_1_state             |   2|   0|    2|          0|
    |output_last_1_payload_A         |   1|   0|    1|          0|
    |output_last_1_payload_B         |   1|   0|    1|          0|
    |output_last_1_sel_rd            |   1|   0|    1|          0|
    |output_last_1_sel_wr            |   1|   0|    1|          0|
    |output_last_1_state             |   2|   0|    2|          0|
    |p_Val2_10_reg_5528              |  32|   0|   32|          0|
    |p_Val2_12_reg_5019              |  48|   0|   48|          0|
    |p_Val2_19_10_reg_5374           |  48|   0|   48|          0|
    |p_Val2_19_11_reg_5429           |  48|   0|   48|          0|
    |p_Val2_19_12_reg_5449           |  48|   0|   48|          0|
    |p_Val2_19_13_reg_5459           |  48|   0|   48|          0|
    |p_Val2_19_14_reg_5479           |  48|   0|   48|          0|
    |p_Val2_19_1_reg_5024            |  48|   0|   48|          0|
    |p_Val2_19_2_reg_5074            |  48|   0|   48|          0|
    |p_Val2_19_3_reg_5094            |  48|   0|   48|          0|
    |p_Val2_19_4_reg_5144            |  48|   0|   48|          0|
    |p_Val2_19_5_reg_5164            |  48|   0|   48|          0|
    |p_Val2_19_6_reg_5214            |  48|   0|   48|          0|
    |p_Val2_19_7_reg_5234            |  48|   0|   48|          0|
    |p_Val2_19_8_reg_5284            |  48|   0|   48|          0|
    |p_Val2_19_9_reg_5304            |  48|   0|   48|          0|
    |p_Val2_19_reg_5499              |  32|   0|   32|          0|
    |p_Val2_19_s_reg_5354            |  48|   0|   48|          0|
    |p_Val2_20_reg_5504              |  32|   0|   32|          0|
    |p_Val2_22_10_reg_5379           |  48|   0|   48|          0|
    |p_Val2_22_11_reg_5439           |  48|   0|   48|          0|
    |p_Val2_22_12_reg_5454           |  48|   0|   48|          0|
    |p_Val2_22_13_reg_5469           |  48|   0|   48|          0|
    |p_Val2_22_14_reg_5484           |  48|   0|   48|          0|
    |p_Val2_22_1_reg_5029            |  48|   0|   48|          0|
    |p_Val2_22_2_reg_5084            |  48|   0|   48|          0|
    |p_Val2_22_3_reg_5099            |  48|   0|   48|          0|
    |p_Val2_22_4_reg_5154            |  48|   0|   48|          0|
    |p_Val2_22_5_reg_5169            |  48|   0|   48|          0|
    |p_Val2_22_6_reg_5224            |  48|   0|   48|          0|
    |p_Val2_22_7_reg_5239            |  48|   0|   48|          0|
    |p_Val2_22_8_reg_5294            |  48|   0|   48|          0|
    |p_Val2_22_9_reg_5309            |  48|   0|   48|          0|
    |p_Val2_22_s_reg_5364            |  48|   0|   48|          0|
    |p_Val2_6_reg_974                |  32|   0|   32|          0|
    |p_Val2_8_reg_5014               |  48|   0|   48|          0|
    |p_Val2_9_reg_962                |  32|   0|   32|          0|
    |reg_1030                        |  32|   0|   32|          0|
    |reg_1035                        |  32|   0|   32|          0|
    |reg_1040                        |  32|   0|   32|          0|
    |reg_1045                        |  32|   0|   32|          0|
    |reg_1050                        |  32|   0|   32|          0|
    |reg_1055                        |  32|   0|   32|          0|
    |reg_1060                        |  32|   0|   32|          0|
    |reg_1065                        |  32|   0|   32|          0|
    |sel_tmp12_reg_4600              |   1|   0|    1|          0|
    |sel_tmp17_reg_4606              |   1|   0|    1|          0|
    |sel_tmp21_reg_4665              |   1|   0|    1|          0|
    |sel_tmp26_reg_4671              |   1|   0|    1|          0|
    |sel_tmp30_reg_4730              |   1|   0|    1|          0|
    |sel_tmp35_reg_4736              |   1|   0|    1|          0|
    |sel_tmp39_reg_4795              |   1|   0|    1|          0|
    |sel_tmp44_reg_4801              |   1|   0|    1|          0|
    |sel_tmp48_reg_4860              |   1|   0|    1|          0|
    |sel_tmp4_reg_4541               |   1|   0|    1|          0|
    |sel_tmp53_reg_4866              |   1|   0|    1|          0|
    |sel_tmp7_reg_4535               |   1|   0|    1|          0|
    |sh_amt_1_reg_4583               |  12|   0|   12|          0|
    |sh_amt_2_reg_4648               |  12|   0|   12|          0|
    |sh_amt_3_reg_4713               |  12|   0|   12|          0|
    |sh_amt_4_reg_4778               |  12|   0|   12|          0|
    |sh_amt_5_reg_4843               |  12|   0|   12|          0|
    |sh_amt_reg_4518                 |  12|   0|   12|          0|
    |tmp32_V_1_reg_5555              |  32|   0|   32|          0|
    |tmp32_V_reg_5565                |  32|   0|   32|          0|
    |tmp_110_reg_5079                |  32|   0|   32|          0|
    |tmp_111_reg_5089                |  32|   0|   32|          0|
    |tmp_114_reg_5149                |  32|   0|   32|          0|
    |tmp_115_reg_5159                |  32|   0|   32|          0|
    |tmp_118_reg_5219                |  32|   0|   32|          0|
    |tmp_119_reg_5229                |  32|   0|   32|          0|
    |tmp_122_reg_5289                |  32|   0|   32|          0|
    |tmp_123_reg_5299                |  32|   0|   32|          0|
    |tmp_126_reg_5359                |  32|   0|   32|          0|
    |tmp_127_reg_5369                |  32|   0|   32|          0|
    |tmp_130_reg_5434                |  32|   0|   32|          0|
    |tmp_131_reg_5444                |  32|   0|   32|          0|
    |tmp_134_reg_5464                |  32|   0|   32|          0|
    |tmp_135_reg_5474                |  32|   0|   32|          0|
    |tmp_136_15_reg_5424             |  14|   0|   14|          0|
    |tmp_142_reg_4697                |  52|   0|   52|          0|
    |tmp_143_reg_4724                |  32|   0|   32|          0|
    |tmp_148_reg_4762                |  52|   0|   52|          0|
    |tmp_149_reg_4789                |  32|   0|   32|          0|
    |tmp_154_reg_4827                |  52|   0|   52|          0|
    |tmp_155_reg_4854                |  32|   0|   32|          0|
    |tmp_159_reg_5560                |   8|   0|    8|          0|
    |tmp_15_reg_4572                 |   1|   0|    1|          0|
    |tmp_15_reg_4572_pp1_iter2_reg   |   1|   0|    1|          0|
    |tmp_160_reg_4921                |   6|   0|    6|          0|
    |tmp_21_reg_4589                 |   1|   0|    1|          0|
    |tmp_22_reg_4502                 |  52|   0|   52|          0|
    |tmp_24_reg_4529                 |  32|   0|   32|          0|
    |tmp_30_reg_4637                 |   1|   0|    1|          0|
    |tmp_30_reg_4637_pp2_iter2_reg   |   1|   0|    1|          0|
    |tmp_38_reg_4654                 |   1|   0|    1|          0|
    |tmp_48_reg_4702                 |   1|   0|    1|          0|
    |tmp_48_reg_4702_pp3_iter2_reg   |   1|   0|    1|          0|
    |tmp_50_reg_4567                 |  52|   0|   52|          0|
    |tmp_53_reg_4719                 |   1|   0|    1|          0|
    |tmp_56_reg_4594                 |  32|   0|   32|          0|
    |tmp_65_reg_4767                 |   1|   0|    1|          0|
    |tmp_65_reg_4767_pp4_iter2_reg   |   1|   0|    1|          0|
    |tmp_69_reg_4784                 |   1|   0|    1|          0|
    |tmp_6_reg_4524                  |   1|   0|    1|          0|
    |tmp_77_reg_4632                 |  52|   0|   52|          0|
    |tmp_80_reg_4832                 |   1|   0|    1|          0|
    |tmp_80_reg_4832_pp5_iter2_reg   |   1|   0|    1|          0|
    |tmp_84_reg_4849                 |   1|   0|    1|          0|
    |tmp_88_reg_4659                 |  32|   0|   32|          0|
    |tmp_91_reg_4886                 |   8|   0|   64|         56|
    |tmp_95_reg_5550                 |   1|   0|    1|          0|
    |tmp_96_reg_5540                 |  32|   0|   32|          0|
    |tmp_97_reg_5570                 |   1|   0|    1|          0|
    |tmp_9_reg_4507                  |   1|   0|    1|          0|
    |tmp_9_reg_4507_pp0_iter2_reg    |   1|   0|    1|          0|
    |exitcond1_reg_4482              |  64|  32|    1|          0|
    |exitcond2_reg_4547              |  64|  32|    1|          0|
    |exitcond3_reg_4612              |  64|  32|    1|          0|
    |exitcond4_reg_4677              |  64|  32|    1|          0|
    |exitcond5_reg_4742              |  64|  32|    1|          0|
    |exitcond6_reg_4807              |  64|  32|    1|          0|
    |exitcond_reg_5509               |  64|  32|    1|          0|
    |i_1_reg_879                     |  64|  32|    7|          0|
    |i_2_reg_891                     |  64|  32|   14|          0|
    |i_3_reg_903                     |  64|  32|   14|          0|
    |i_4_reg_915                     |  64|  32|    8|          0|
    |i_5_reg_927                     |  64|  32|    8|          0|
    |i_reg_867                       |  64|  32|    7|          0|
    |is_neg_reg_5534                 |  64|  32|    1|          0|
    |last_load_reg_5545              |  64|  32|    1|          0|
    |tmp_159_reg_5560                |  64|  32|    8|          0|
    |tmp_95_reg_5550                 |  64|  32|    1|          0|
    +--------------------------------+----+----+-----+-----------+
    |Total                           |5052| 544| 4097|         57|
    +--------------------------------+----+----+-----+-----------+



================================================================
== Interface
================================================================
* Summary: 
+-----------------+-----+-----+--------------+---------------+--------------+
|    RTL Ports    | Dir | Bits|   Protocol   | Source Object |    C Type    |
+-----------------+-----+-----+--------------+---------------+--------------+
|ap_clk           |  in |    1| ap_ctrl_none | sampleRNN_GRU | return value |
|ap_rst_n         |  in |    1| ap_ctrl_none | sampleRNN_GRU | return value |
|input_r_TDATA    |  in |   32|     axis     |   input_data  |    pointer   |
|input_r_TVALID   |  in |    1|     axis     |   input_last  |    pointer   |
|input_r_TREADY   | out |    1|     axis     |   input_last  |    pointer   |
|input_r_TLAST    |  in |    1|     axis     |   input_last  |    pointer   |
|output_r_TDATA   | out |   32|     axis     |  output_data  |    pointer   |
|output_r_TVALID  | out |    1|     axis     |  output_last  |    pointer   |
|output_r_TREADY  |  in |    1|     axis     |  output_last  |    pointer   |
|output_r_TLAST   | out |    1|     axis     |  output_last  |    pointer   |
+-----------------+-----+-----+--------------+---------------+--------------+

