Copyright 1986-2018 Xilinx, Inc. All Rights Reserved.
---------------------------------------------------------------------------------------------------------------------------------------------------------------------------------------------------
| Tool Version : Vivado v.2018.2 (win64) Build 2258646 Thu Jun 14 20:03:12 MDT 2018
| Date         : Fri Apr  5 17:23:47 2019
| Host         : ManoharVohra-PC running 64-bit major release  (build 9200)
| Command      : report_bus_skew -warn_on_violation -file compute_weight_wrapper_bus_skew_routed.rpt -pb compute_weight_wrapper_bus_skew_routed.pb -rpx compute_weight_wrapper_bus_skew_routed.rpx
| Design       : compute_weight_wrapper
| Device       : 7z020-clg400
| Speed File   : -1  PRODUCTION 1.11 2014-09-11
---------------------------------------------------------------------------------------------------------------------------------------------------------------------------------------------------

Bus Skew Report

No bus skew constraints

